// Jest Snapshot v1, https://goo.gl/fbAQLP

exports[`<MyComponents /> should render the heading 1`] = `
<main
  class=""
>
  <h1>
    MyComponents
  </h1>
</main>
`;
